diego@Konoha:~$ curl http://professionals.local/health
<html>
<head><title>404 Not Found</title></head>
<body>
<center><h1>404 Not Found</h1></center>
<hr><center>nginx/1.24.0 (Ubuntu)</center>
</body>
</html>
diego@Konoha:~$ curl http://professionals.local:32167/api/CountryCodes?pageNumber=1&pageSize=10
[1] 51137
diego@Konoha:~$ {
  "message":"no Route matched with those values",
  "request_id":"59b4412003490c3630b0e9092b892f6f"
}curl http://procat nano /etc/hosts
cat: nano: Arquivo ou diretório inexistente
127.0.0.1 localhost
::1 localhost
127.0.1.1 Konoha

# The following lines are desirable for IPv6 capable hosts
::1     ip6-localhost ip6-loopback
fe00::0 ip6-localnet
ff00::0 ip6-mcastprefix
ff02::1 ip6-allnodes
ff02::2 ip6-allrouters
192.168.49.2 nginx.local
127.0.0.1    rates.local
127.0.0.1    consumers.local
127.0.0.1    professionals.local
[1]+  Concluído              curl http://professionals.local:32167/api/CountryCodes?pageNumber=1
diego@Konoha:~$ curl http://rates.local:32167/health/
{"status":"healtkubectl get pods -l app=ms-professionalsapp=ms-professionals
NAME                               READY   STATUS    RESTARTS   AGE
ms-professionals-ffbf655fb-rxczz   1/1     Running   0          8m27s
diego@Konoha:~$ kubectl get svc ms-professionals-service
NAME                       TYPE        CLUSTER-IP     EXTERNAL-IP   PORT(S)   AGE
ms-professionals-service   ClusterIP   10.110.13.82   <none>        80/TCP    8m50s
diego@Konoha:~$ kubectl get ingress ms-professionals-ingress
NAME                       CLASS    HOSTS                    ADDRESS      PORTS   AGE
ms-professionals-ingress   <none>   ms-professionals.local   10.99.15.8   80      9m30s
diego@Konoha:~$ kubectl describe ingress ms-professionals-ingress
Name:             ms-professionals-ingress
Labels:           app=ms-professionals
                  environment=dev
Namespace:        default
Address:          10.99.15.8
Ingress Class:    <none>
Default backend:  <default>
Rules:
  Host                    Path  Backends
  ----                    ----  --------
  ms-professionals.local  
                          /api      ms-professionals-service:80 (10.244.0.70:80)
                          /health   ms-professionals-service:80 (10.244.0.70:80)
Annotations:              konghq.com/override: true
                          konghq.com/plugins: cors-plugin,request-transformer-plugin
                          konghq.com/preserve-host: false
                          konghq.com/protocols: http,https
                          konghq.com/route-type: v0
                          konghq.com/strip-path: false
                          kubernetes.io/ingress.class: kong
Events:                   <none>
diego@Konoha:~$ 
